ɣeː⁵
ziː¹
zaː¹
zaːw¹
zɔː¹
zuːn¹
zaːŋ²
zaːk⁷
zɛː⁵
zɔːj²
zɨəŋ²
zaːj³
zaːm³
zəj⁵
zam⁶
zɛːw⁶
ziəŋ²
zɔŋ͡m³
zoː⁴
zəː²
ɣɔː¹
ziː²
ziːm²
ziːn²
ɣɔk͡p⁷
ɣɔːj⁵
kʷiː¹
kʷiən⁶
kʷiət⁸
kʷiː⁵
kʷoːk⁷
[qúy]
tɕʷiən²
hʷaːj²
ɗʷaːj²
wiːw³
