ɣe⁵
zi¹
za¹
zaːw¹
zɔ¹
zun¹
zaːŋ²
zaːk⁷
zɛ⁵
zɔj²
zɨəŋ²
zaːj³
zaːm³
zəj⁵
zam⁶
zɛw⁶
ziəŋ²
zɔŋ³
zo⁴
zə²
ɣɔ¹
zi²
zim²
zin²
ɣɔk⁷
ɣɔj⁵
kʷi¹
kʷiən⁶
kʷiət⁸
kʷi⁵
kʷok⁷
[qúy]
tɕʷiən²
hʷaːj²
ɗʷaːj²
wiw³
