ɡeː⁵
ji¹
jaː¹
jaːw¹
jɔː¹
juŋ͡m¹
jaːŋ²
jaːk⁷
jɛː⁵
jɔːj²
jɨːŋ²
jaːj³
jaːm³
jəj⁵
jam⁶
jɛːw⁶
jiːŋ²
jɔŋ͡m³
joː⁴
jəː²
ɡɔː¹
ji²
jim²
jɨn²
ɡɔk͡p⁷
ɡɔːj⁵
wi¹
wiːŋ⁶
wiːk⁸
wi⁵
wɔk͡p⁷
[qúy]
ʈʷiːŋ²
hʷaːj²
ɗʷaːj²
wiw³
