ɣeː²⁴
ziː³³
zaː³³
zaːw³³
zɔː³³
zuːn³³
zaːŋ³²
zaːk⁴⁵
zɛː²⁴
zɔːj³²
zɨəŋ³²
zaːj³¹²
zaːm³¹²
zəj²⁴
zam²¹ˀ
zɛːw²¹ˀ
ziəŋ³²
zɔŋ͡m³¹²
zoː³ˀ⁵
zəː³²
ɣɔː³³
ziː³²
ziːm³²
ziːn³²
ɣɔk͡p⁴⁵
ɣɔːj²⁴
kʷiː³³
kʷiən²¹ˀ
kʷiət²¹
kʷiː²⁴
kʷoːk⁴⁵
[qúy]
tɕʷiən³²
