ɡe²ˀ⁴
ji³⁵
ja³⁵
jaːw³⁵
jɔ³⁵
juŋ³⁵
jaːŋ⁴²
jaːk⁴⁵
jɛ²ˀ⁴
jɔj⁴²
jɨːŋ⁴²
jaːj³²ˀ
jaːm³²ˀ
jəj²ˀ⁴
jam³¹
jɛw³¹
jiːŋ⁴²
jɔŋ³²ˀ
jo³²ˀ
jə⁴²
ɡɔ³⁵
ji⁴²
jim⁴²
jin⁴²
ɡɔk⁴⁵
ɡɔj²ˀ⁴
wi³⁵
wiːŋ³¹
wiːk³¹
wi²ˀ⁴
wɔk⁴⁵
[qúy]
ʈʷiːŋ⁴²
