ɡeː⁴⁵
ji³³
jaː³³
jaːw³³
jɔː³³
juŋ͡m³³
jaːŋ²¹
jaːk⁴⁵
jɛː⁴⁵
jɔːj²¹
jɨːŋ²¹
jaːj²¹⁴
jaːm²¹⁴
jəj⁴⁵
jam²¹²
jɛːw²¹²
jiːŋ²¹
jɔŋ͡m²¹⁴
joː²¹⁴
jəː²¹
ɡɔː³³
ji²¹
jim²¹
jɨn²¹
ɡɔk͡p⁴⁵
ɡɔːj⁴⁵
wi³³
wiːŋ²¹²
wiːk²¹²
wi⁴⁵
wɔk͡p⁴⁵
[qúy]
ʈʷiːŋ²¹
hʷaːj²¹
ɗʷaːj²¹
wiw²¹⁴
