ʔaᴬ²
ɓaᴬ¹
kaᴬ¹
tɕaᴬ¹
zaːwᴬ¹
ɗaᴬ¹
ɣeᴮ¹
ɣaᴬ²
ziᴬ²
zaᴬ¹
hʷaᴬ¹
haᴬ²
kewᴬ¹
xiᶜ¹
laᴮ¹
nɨəᶜ²
ŋeᴬ²
ŋɨəᴮ²
ɲaᴬ²
waːnᴬ¹
fukᴰ¹
kʷaᴬ¹
zɛᶜ²
sɨəᶜ²
tɨᴬ²
tʰaᴬ¹
tɕeᶜ²
vaᴬ²
vuəᴬ¹
saᴬ¹
