ʔaː³²
ɓaː³³
kaː³³
tɕaː³³
zaːw³³
ɗaː³³
ɣeː²⁴
ɣaː³²
ziː³²
zaː³³
hʷaː³³
haː³²
keːw³³
xiː³¹²
laː²⁴
nɨə³ˀ⁵
ŋeː³²
ŋɨə²¹ˀ
ɲaː³²
waːn³³
fuk͡p⁴⁵
kʷaː³³
zɛː³ˀ⁵
sɨə³ˀ⁵
tɨː³²
tʰaː³³
tɕeː³ˀ⁵
vaː³²
vuə³³
saː³³
