ʔaː⁴²
ɓaː³⁵
kaː³⁵
caː³⁵
jaːw³⁵
ɗaː³⁵
ɡeː²ˀ⁴
ɡaː⁴²
ji⁴²
jaː³⁵
hʷaː³⁵
haː⁴²
keːw³⁵
xi³²ˀ
laː²ˀ⁴
nɨə³²ˀ
ŋeː⁴²
ŋɨə³¹
ɲaː⁴²
waːŋ³⁵
fuk͡p⁴⁵
waː³⁵
rɛː³²ˀ
sɨə³²ˀ
tɨ⁴²
tʰaː³⁵
ʈeː³²ˀ
vaː⁴²
vuə³⁵
saː³⁵
