kiʲŋ³³
saː³³ ɗɛːk⁴⁵
ʔaːn³³
ʔaʲŋ³³
ɓaː³³ tɔːŋ³³
ɓaːŋ³³
ɓuəm³²
ɓuən³²
ɓuək²¹
ɓaʲŋ²⁴
ɓɛːŋ²⁴
ɓaŋ³³
ɓɨəm²⁴
ɓaːt²¹
ɓət⁴⁵
ɓəŋ³²
ɓeʲŋ²¹ˀ
ɓoːŋ³² ɓeːŋ³²
ɓəːt⁴⁵
kaʲŋ³³
tɕuət²¹
tɕoŋ͡m³²
kəm³³
kɔːt⁴⁵
koŋ͡m³³
koːŋ³³ keːŋ³³
kuːm²⁴
kəːm³³
kɨəp⁴⁵
kaʲŋ³¹²
kat⁴⁵
kɨt⁴⁵
ziək²¹
zuŋ͡m³²
ʔɛːŋ³³ ʔɛːk⁴⁵
ziət⁴⁵
ɣɔːŋ³²
hɛːt⁴⁵
hoːm³³
hoːn³³
hoŋ͡m³³
hɨŋ³³
heːt⁴⁵
hɔk͡p²¹
hɔːp²¹
hoːp²¹
ʔiːn³³
ʔiʲŋ³³
xaːk⁴⁵
xaʲk⁴⁵
xaːt⁴⁵
xɔk͡p⁴⁵
xak⁴⁵
kiəm²⁴
kiən²⁴
keʲŋ³³
kɛːŋ³¹²
luːn³³
liʲŋ²⁴
luk͡p⁴⁵
luːt⁴⁵
lɨən²¹ˀ
lɨət²¹
lən³²
lək²¹
lɛːŋ³¹² sɛːŋ³¹²
leʲŋ²¹ˀ
ləːn²⁴
mɔːk²¹
muən³²
maːt⁴⁵
miːt⁴⁵
muːt⁴⁵
mat⁴⁵
mak²¹
mɛːt²¹
meʲŋ²¹ˀ
meːt²¹
moːk⁴⁵
mok͡p²¹
moːt²¹
ŋɔːn³³
ŋɔːt²¹
ɲuəm²¹ˀ
nuət⁴⁵
nɨək⁴⁵
neːp⁴⁵
ʔɔŋ͡m³³
fɛːŋ³² laː³³
fɛːp⁴⁵
zuək²¹
zɛːk²¹
zəː³² mɔːk²¹
saːŋ³³
saːk⁴⁵
saʲk⁴⁵
sɛːk⁴⁵
sɔŋ͡m²⁴
suːp⁴⁵
saʲŋ³¹²
sak⁴⁵
tʰaːp⁴⁵
tʰap⁴⁵
tiːm³³
tiːn³³
tiəp⁴⁵
tiən³²
tɔːn³³
tɔːŋ³² tɛːŋ³³
teːn³³
toːm³³
toːn³³
toːt⁴⁵
ʔuŋ͡m³³
saʲŋ³³
sɛːn³³
siəŋ³³
sɔŋ͡m³³
suəŋ³²
saːk⁴⁵
siʲk⁴⁵
sɔːm²⁴
suk͡p⁴⁵
saŋ³³
sɨəŋ³³
sɛːŋ³¹²
seʲk⁴⁵
ʔuk͡p⁴⁵
ʔiʲk⁴⁵
ʔiːt⁴⁵
ʔɔk͡p⁴⁵
ʔoŋ͡m³³
ʔan³³
ɗɛːn³³
ɗiək⁴⁵
ɗeːm³³
ɗuŋ͡m²⁴
ɗət⁴⁵
ɗeːn²⁴
ɗɨk⁴⁵
ɗɨt⁴⁵
ʔɨn³³
ʔɨən³³
ʔɨək⁴⁵
ʔɨət⁴⁵
ʔeʲk⁴⁵
ʔok͡p⁴⁵
ʔəːt⁴⁵
ʔɨk⁴⁵
