kɨn³⁵
saː³⁵ ɗɛːk⁴⁵
ʔaːŋ³⁵
ʔan³⁵
ɓaː³⁵ tɔːŋ³⁵
ɓaːŋ³⁵
ɓuːm⁴²
ɓuːŋ⁴²
ɓuːk³¹
ɓan²ˀ⁴
ɓɛːŋ²ˀ⁴
ɓaŋ³⁵
ɓɨːm²ˀ⁴
ɓaːk³¹
ɓək⁴⁵
ɓəŋ⁴²
ɓəːn³¹
ɓoːŋ͡m⁴² ɓeːŋ⁴²
ɓəːk⁴⁵
kan³⁵
cuːk³¹
cɔŋ͡m⁴²
kəm³⁵
kɔːk⁴⁵
kɔŋ͡m³⁵
koːŋ͡m³⁵ keːŋ³⁵
kɨm²ˀ⁴
kəːm³⁵
kɨːp⁴⁵
kan³²ˀ
kak⁴⁵
kɨk⁴⁵
jiːk³¹
juŋ͡m⁴²
ʔɛːŋ³⁵ ʔɛːk⁴⁵
jiːk⁴⁵
ɡɔːŋ⁴²
hɛːk⁴⁵
hoːm³⁵
hoŋ³⁵
hɔŋ͡m³⁵
hɨŋ³⁵
həːt⁴⁵
hɔk͡p³¹
hɔːp³¹
hoːp³¹
ʔɨn³⁵
ʔɨn³⁵
xaːk⁴⁵
xat⁴⁵
xaːk⁴⁵
xɔk͡p⁴⁵
xak⁴⁵
kiːm²ˀ⁴
kiːŋ²ˀ⁴
kəːn³⁵
kɛːŋ³²ˀ
luŋ͡m³⁵
lɨn²ˀ⁴
luk͡p⁴⁵
luk͡p⁴⁵
lɨːŋ³¹
lɨːk³¹
ləŋ⁴²
lək³¹
lɛːŋ³²ˀ sɛːŋ³²ˀ
ləːn³¹
ləːŋ²ˀ⁴
mɔːk³¹
muːŋ⁴²
maːk⁴⁵
mɨt⁴⁵
muk͡p⁴⁵
mak⁴⁵
mak³¹
mɛːk³¹
məːn³¹
məːt³¹
moːk͡p⁴⁵
mɔk͡p³¹
mok³¹
ŋɔːŋ³⁵
ŋɔːk³¹
ɲuːm³¹
nuːk⁴⁵
nɨːk⁴⁵
neːp⁴⁵
ʔɔŋ͡m³⁵
fɛːŋ⁴² laː³⁵
fɛːp⁴⁵
ruːk³¹
rɛːk³¹
rəː⁴² mɔːk³¹
saːŋ³⁵
saːk⁴⁵
sat⁴⁵
sɛːk⁴⁵
sɔŋ͡m²ˀ⁴
sɨp⁴⁵
san³²ˀ
sak⁴⁵
tʰaːp⁴⁵
tʰap⁴⁵
tim³⁵
tɨn³⁵
tiːp⁴⁵
tiːŋ⁴²
tɔːŋ³⁵
tɔːŋ⁴² tɛːŋ³⁵
təːn³⁵
toːm³⁵
toŋ³⁵
tok⁴⁵
ʔuŋ͡m³⁵
san³⁵
sɛːŋ³⁵
siːŋ³⁵
sɔŋ͡m³⁵
suːŋ⁴²
saːk⁴⁵
sɨt⁴⁵
sɔːm²ˀ⁴
suk͡p⁴⁵
saŋ³⁵
sɨːŋ³⁵
sɛːŋ³²ˀ
səːt⁴⁵
ʔuk͡p⁴⁵
ʔɨt⁴⁵
ʔɨt⁴⁵
ʔɔk͡p⁴⁵
ʔɔŋ͡m³⁵
ʔaŋ³⁵
ɗɛːŋ³⁵
ɗiːk⁴⁵
ɗeːm³⁵
ɗuŋ͡m²ˀ⁴
ɗək⁴⁵
ɗəːn²ˀ⁴
ɗɨk⁴⁵
ɗɨk⁴⁵
ʔɨŋ³⁵
ʔɨːŋ³⁵
ʔɨːk⁴⁵
ʔɨːk⁴⁵
ʔəːt⁴⁵
ʔɔk͡p⁴⁵
ʔəːk⁴⁵
ʔɨk⁴⁵
