ma³⁵
ma⁴²
ma²ˀ⁴
maːk⁴⁵
maːŋ²ˀ⁴
ma³¹
maːk³¹
maːŋ³¹
ma³²ˀ
ma³²ˀ
