maː³⁵
maː⁴²
maː²ˀ⁴
maːk⁴⁵
maːŋ²ˀ⁴
maː³¹
maːk³¹
maːŋ³¹
maː³²ˀ
maː³²ˀ
