maᴬ¹
maᴬ²
maᴮ¹
maːtᴰ¹
maːnᴮ¹
maᴮ²
maːtᴰ²
maːnᴮ²
maᶜ¹
maᶜ²
