maː³³
maː²¹
maː⁴⁵
maːk⁴⁵
maːŋ⁴⁵
maː²¹²
maːk²¹²
maːŋ²¹²
maː²¹⁴
maː²¹⁴
