maːᴬ¹
maːᴬ²
maːᴮ¹
maːkᴰ¹
maːŋᴮ¹
maːᴮ²
maːkᴰ²
maːŋᴮ²
maːᶜ¹
maːᶜ²
