maᴬ¹
maᴬ²
maᴮ¹
maːkᴰ¹
maːŋᴮ¹
maᴮ²
maːkᴰ²
maːŋᴮ²
maᶜ¹
maᶜ²
