tʰi³⁵
tim³⁵
jip³¹
tin³⁵
mit⁴⁵
sin³⁵
tʰit⁴⁵
jiw³¹
tɨ⁴²
mɨk⁴⁵
ʂɨŋ³⁵
ʂɨk⁴⁵
ŋɨj³²ˀ
kɨw²ˀ⁴
tu⁴²
tum³⁵
jup⁴⁵
luŋ⁴²
ɓuk⁴⁵
ʂuŋ²ˀ⁴
suk⁴⁵
muj⁴²
tʰe²ˀ⁴
ɗem³⁵
sep⁴⁵
len³⁵
met³¹
ken³⁵
set⁴⁵
new²ˀ⁴
tə⁴²
tʰəːm³⁵
ləːp⁴⁵
ləːŋ²ˀ⁴
ɓəːk⁴⁵
məːj²ˀ⁴
to³⁵
tom³⁵
hop³¹
noŋ³⁵
ɓok³¹
ʂɔŋ³⁵
ʂɔk⁴⁵
moj³⁵
tʰɛ³²ˀ
tɛm³⁵
jɛp⁴⁵
xɛːŋ³⁵
mɛːk⁴⁵
sɛn³⁵
ʂɛt⁴⁵
jɛw³⁵
təm³⁵
ləp⁴⁵
ləŋ⁴²
ɓək⁴⁵
təŋ⁴²
ɲək⁴⁵
məj²ˀ⁴
rəw³⁵
tɔ³⁵
tɔm³⁵
hɔp³¹
lɔːŋ³⁵
ɓɔːk³¹
sɔŋ³⁵
ʂɔk⁴⁵
mɔj³¹
tʰa³⁵
taːm²ˀ⁴
ʂaːp⁴⁵
laːŋ³⁵
ɓaːk⁴⁵
ʂaːŋ³⁵
saːk⁴⁵
maːj³⁵
jaːw³⁵
tam²ˀ⁴
ʂap⁴⁵
laŋ³⁵
ɓak⁴⁵
saŋ²ˀ⁴
ʂak⁴⁵
maj³⁵
raw³⁵
tʰiə⁴²
tiːm³⁵
tiːp⁴⁵
liːŋ³⁵
ɓiːk⁴⁵
tiːŋ²ˀ⁴
tʰiːk⁴⁵
ɲiːw⁴²
tʰuə³⁵
ɓuːm⁴²
luːŋ³⁵
ɓuːk⁴⁵
suːŋ²ˀ⁴
tʰuːk⁴⁵
ɓuːj³²ˀ
tʰɨə³⁵
tɨːm³⁵
tɨːp⁴⁵
lɨːŋ³⁵
ʔɨːk⁴⁵
sɨːŋ³⁵
tʰɨːk⁴⁵
ɓɨːj³²ˀ
rɨːw³¹
