tʰiᴬ¹
timᴬ¹
jipᴰ²
tɨnᴬ¹
mɨtᴰ¹
sɨnᴬ¹
tʰɨtᴰ¹
jiwᴮ²
tɨᴬ²
mɨkᴰ¹
sɨŋᴬ¹
sɨkᴰ¹
ŋɨjᶜ¹
kɨwᴮ¹
tuᴬ²
tɨmᴬ¹
jɨpᴰ¹
luŋ͡mᴬ²
ɓuk͡pᴰ¹
suŋ͡mᴮ¹
suk͡pᴰ¹
mujᴬ²
tʰeːᴮ¹
ɗeːmᴬ¹
seːpᴰ¹
ləːnᴬ¹
məːtᴰ²
kəːnᴬ¹
səːtᴰ¹
neːwᴮ¹
təːᴬ²
tʰəːmᴬ¹
ləːpᴰ¹
ləːŋᴮ¹
ɓəːkᴰ¹
məːjᴮ¹
toːᴬ¹
toːmᴬ¹
hoːpᴰ²
noŋᴬ¹
ɓokᴰ²
sɔŋ͡mᴬ¹
sɔk͡pᴰ¹
moːjᴬ¹
tʰɛːᶜ¹
tɛːmᴬ¹
jɛːpᴰ¹
xɛːŋᴬ¹
mɛːkᴰ¹
sanᴬ¹
satᴰ¹
jɛːwᴬ¹
təmᴬ¹
ləpᴰ¹
ləŋᴬ²
ɓəkᴰ¹
təŋᴬ²
ɲəkᴰ¹
məjᴮ¹
rəwᴬ¹
tɔːᴬ¹
tɔːmᴬ¹
hɔːpᴰ²
lɔːŋᴬ¹
ɓɔːkᴰ²
sɔŋ͡mᴬ¹
sɔk͡pᴰ¹
mɔːjᴮ²
tʰaːᴬ¹
taːmᴮ¹
saːpᴰ¹
laːŋᴬ¹
ɓaːkᴰ¹
saːŋᴬ¹
saːkᴰ¹
maːjᴬ¹
jaːwᴬ¹
tamᴮ¹
sapᴰ¹
laŋᴬ¹
ɓakᴰ¹
saŋᴮ¹
sakᴰ¹
majᴬ¹
rawᴬ¹
tʰiəᴬ²
tiːmᴬ¹
tiːpᴰ¹
liːŋᴬ¹
ɓiːkᴰ¹
tiːŋᴮ¹
tʰiːkᴰ¹
ɲiːwᴬ²
tʰuəᴬ¹
ɓuːmᴬ²
luːŋᴬ¹
ɓuːkᴰ¹
suːŋᴮ¹
tʰuːkᴰ¹
ɓuːjᶜ¹
tʰɨəᴬ¹
tɨːmᴬ¹
tɨːpᴰ¹
lɨːŋᴬ¹
ʔɨːkᴰ¹
sɨːŋᴬ¹
tʰɨːkᴰ¹
ɓɨːjᶜ¹
rɨːwᴮ²
