tʰiː³³
tiːm³³
ziːp²¹
tiːn³³
miːt⁴⁵
siʲŋ³³
tʰiʲk⁴⁵
ziːw²¹ˀ
tɨː³²
mɨt⁴⁵
sɨŋ³³
sɨk⁴⁵
ŋɨj³¹²
kɨw²⁴
tuː³²
tuːm³³
zuːp⁴⁵
luːn³²
ɓuːt⁴⁵
suŋ͡m²⁴
suk͡p⁴⁵
muːj³²
tʰeː²⁴
ɗeːm³³
seːp⁴⁵
leːn³³
meːt²¹
keʲŋ³³
seʲk⁴⁵
neːw²⁴
təː³²
tʰəːm³³
ləːp⁴⁵
ləːn²⁴
ɓəːt⁴⁵
məːj²⁴
toː³³
toːm³³
hoːp²¹
noːn³³
ɓoːt²¹
soŋ͡m³³
sok͡p⁴⁵
moːj³³
tʰɛː³¹²
tɛːm³³
zɛːp⁴⁵
xɛːn³³
mɛːt⁴⁵
saʲŋ³³
saʲk⁴⁵
zɛːw³³
təm³³
ləp⁴⁵
lən³²
ɓət⁴⁵
təŋ³²
ɲək⁴⁵
məj²⁴
zəw³³
tɔː³³
tɔːm³³
hɔːp²¹
lɔːn³³
ɓɔːt²¹
sɔŋ͡m³³
sɔk͡p⁴⁵
mɔːj²¹ˀ
tʰaː³³
taːm²⁴
saːp⁴⁵
laːn³³
ɓaːt⁴⁵
saːŋ³³
saːk⁴⁵
maːj³³
zaːw³³
tam²⁴
sap⁴⁵
lan³³
ɓat⁴⁵
saŋ²⁴
sak⁴⁵
maj³³
zaw³³
tʰiə³²
tiəm³³
tiəp⁴⁵
liən³³
ɓiət⁴⁵
tiəŋ²⁴
tʰiək⁴⁵
ɲiəw³²
tʰuə³³
ɓuəm³²
luən³³
ɓuət⁴⁵
suəŋ²⁴
tʰuək⁴⁵
ɓuəj³¹²
tʰɨə³³
tɨəm³³
tɨəp⁴⁵
lɨən³³
ʔɨət⁴⁵
sɨəŋ³³
tʰɨək⁴⁵
ɓɨəj³¹²
zɨəw²¹ˀ
